------------------------------------------------------------
TimeQuest Timing Analyzer Summary
------------------------------------------------------------

Type  : Slow 1200mV 100C Model Setup 'selector_clock'
Slack : -24.342
TNS   : -298.464

Type  : Slow 1200mV 100C Model Hold 'selector_clock'
Slack : 0.667
TNS   : 0.000

Type  : Slow 1200mV 100C Model Minimum Pulse Width 'selector_clock'
Slack : -3.000
TNS   : -37.695

Type  : Slow 1200mV -40C Model Setup 'selector_clock'
Slack : -20.988
TNS   : -256.293

Type  : Slow 1200mV -40C Model Hold 'selector_clock'
Slack : 0.589
TNS   : 0.000

Type  : Slow 1200mV -40C Model Minimum Pulse Width 'selector_clock'
Slack : -3.000
TNS   : -37.695

Type  : Fast 1200mV -40C Model Setup 'selector_clock'
Slack : -10.584
TNS   : -122.966

Type  : Fast 1200mV -40C Model Hold 'selector_clock'
Slack : 0.285
TNS   : 0.000

Type  : Fast 1200mV -40C Model Minimum Pulse Width 'selector_clock'
Slack : -3.000
TNS   : -31.670

------------------------------------------------------------
